[wbpreview.com/previews/WB0D95984/index.html]
[backblue.gif]
[fade.gif]
[index.html]
[wbpreview.com/previews/WB0D95984/css/bootstrap.css]
[wbpreview.com/previews/WB0D95984/css/theme.css]
[wbpreview.com/previews/WB0D95984/css/animate.css]
[wbpreview.com/previews/WB0D95984/img/logo.png]
[wbpreview.com/previews/WB0D95984/blog.html]
[wbpreview.com/previews/WB0D95984/features.html]
[wbpreview.com/previews/WB0D95984/pricing.html]
[wbpreview.com/previews/WB0D95984/portfolio.html]
[wbpreview.com/previews/WB0D95984/coming-soon.html]
[wbpreview.com/previews/WB0D95984/aboutus.html]
[wbpreview.com/previews/WB0D95984/contact.html]
[wbpreview.com/previews/WB0D95984/faq.html]
[wbpreview.com/previews/WB0D95984/signup.html]
[wbpreview.com/previews/WB0D95984/signin.html]
[wbpreview.com/previews/WB0D95984/img/slide1.png]
[wbpreview.com/previews/WB0D95984/img/slide2.png]
[wbpreview.com/previews/WB0D95984/img/slide3.png]
[wbpreview.com/previews/WB0D95984/img/feature1.jpg]
[wbpreview.com/previews/WB0D95984/img/feature2.jpg]
[wbpreview.com/previews/WB0D95984/img/feature3.jpg]
[wbpreview.com/previews/WB0D95984/img/pic1.jpg]
[wbpreview.com/previews/WB0D95984/img/pic_blog.png]
[code.jquery.com/jquery-latest.js]
[wbpreview.com/previews/WB0D95984/js/bootstrap.min.js]
[wbpreview.com/previews/WB0D95984/js/theme.js]
[wbpreview.com/previews/WB0D95984/index.html]
[wbpreview.com/previews/WB0D95984/img/glyphicons-halflings.png]
[wbpreview.com/previews/WB0D95984/img/glyphicons-halflings-white.png]
[wbpreview.com/previews/WB0D95984/css/bootstrap.css]
[wbpreview.com/previews/WB0D95984/img/content_bg.jpg]
[wbpreview.com/previews/WB0D95984/img/nav_bg.jpg]
[wbpreview.com/previews/WB0D95984/img/chart1.png]
[wbpreview.com/previews/WB0D95984/img/chart2.png]
[wbpreview.com/previews/WB0D95984/img/footer_bg.jpg]
[wbpreview.com/previews/WB0D95984/img/chart1_small.png]
[wbpreview.com/previews/WB0D95984/img/chart2_small.png]
[wbpreview.com/previews/WB0D95984/img/icons.png]
[wbpreview.com/previews/WB0D95984/img/social_icons.png]
[wbpreview.com/previews/WB0D95984/css/theme.css]
[wbpreview.com/previews/WB0D95984/css/animate.css]
[wbpreview.com/previews/WB0D95984/css/blog.css]
[wbpreview.com/previews/WB0D95984/blog.html]
[wbpreview.com/previews/WB0D95984/blog-post.html]
[wbpreview.com/previews/WB0D95984/features.html]
[wbpreview.com/previews/WB0D95984/pricing.html]
[wbpreview.com/previews/WB0D95984/css/external-pages.css]
[wbpreview.com/previews/WB0D95984/img/thumb_gallery.jpg]
[wbpreview.com/previews/WB0D95984/img/thumb_more.png]
[wbpreview.com/previews/WB0D95984/portfolio.html]
[wbpreview.com/previews/WB0D95984/coming-soon.html]
[wbpreview.com/previews/WB0D95984/img/about.png]
[wbpreview.com/previews/WB0D95984/aboutus.html]
[wbpreview.com/previews/WB0D95984/contact.html]
[wbpreview.com/previews/WB0D95984/faq.html]
[wbpreview.com/previews/WB0D95984/css/signup.css]
[wbpreview.com/previews/WB0D95984/signup.html]
[wbpreview.com/previews/WB0D95984/css/signin.css]
[wbpreview.com/previews/WB0D95984/img/i_face.png]
[wbpreview.com/previews/WB0D95984/signin.html]
[wbpreview.com/previews/WB0D95984/reset.html]
[code.jquery.com/jquery-latest.js]
[wbpreview.com/previews/WB0D95984/js/bootstrap.min.js]
[wbpreview.com/previews/WB0D95984/js/theme.js]
[wbpreview.com/previews/WB0D95984/css/blog.css]
[wbpreview.com/previews/WB0D95984/img/blog_post.jpg]
[wbpreview.com/previews/WB0D95984/blog-post.html]
[wbpreview.com/previews/WB0D95984/img/contact_icons.png]
[wbpreview.com/previews/WB0D95984/img/features_icons.png]
[wbpreview.com/previews/WB0D95984/css/external-pages.css]
[wbpreview.com/previews/WB0D95984/css/signup.css]
[wbpreview.com/previews/WB0D95984/css/signin.css]
[wbpreview.com/previews/WB0D95984/reset.html]
[wbpreview.com/previews/WB0D95984/css/reset.css]
[wbpreview.com/previews/WB0D95984/css/reset.css]
